[Bootstrap]
SetupTitle=安装
SetupText=正在复制文件，请等待。
CabFile=NetPlan DataBase.CAB
Spawn=Setup1.exe
Uninstal=st6unst.exe
TmpDir=msftqws.pdw
Cabs=1

[Bootstrap Files]
File1=@VB6STKIT.DLL,$(WinSysPathSysFile),,,6/1/99 12:00:00 AM,101888,6.0.84.50
File2=@COMCAT.DLL,$(WinSysPathSysFile),$(DLLSelfRegister),,5/31/98 12:00:00 AM,22288,4.71.1460.1
File3=@asycfilt.dll,$(WinSysPathSysFile),,,6/19/03 4:05:04 AM,143632,2.40.4522.0
File4=@olepro32.dll,$(WinSysPathSysFile),$(DLLSelfRegister),,6/19/03 4:05:04 AM,164112,5.0.4522.0
File5=@oleaut32.dll,$(WinSysPathSysFile),$(DLLSelfRegister),,6/19/03 4:05:04 AM,626960,2.40.4522.0
File6=@stdole2.tlb,$(WinSysPathSysFile),$(TLBRegister),,6/19/03 4:05:04 AM,16896,2.40.4522.0
File7=@msvbvm60.dll,$(WinSysPathSysFile),$(DLLSelfRegister),,6/19/03 4:05:04 AM,1385744,6.0.96.90
File8=@VB6CHS.DLL,$(WinSysPath),,$(Shared),7/6/98 12:00:00 AM,102160,6.0.89.88

[IconGroups]
Group0=NetPlan Data System
PrivateGroup0=True
Parent0=$(Programs)

[NetPlan Data System]
Icon1=""NetPlan DataBase.exe""
Title1=NetPlan DataBase System
StartIn1=$(AppPath)

[Setup]
Title=NetPlan DataBase System
DefaultDir=$(ProgramFiles)\NetPlan DataBase
AppExe=NetPlan DataBase.exe
AppToUninstall=NetPlan DataBase.exe

[Setup1 Files]
File1=@luln10en.hlp,$(AppPath),,,6/18/96 10:27:34 AM,14152,0.0.0.0
File2=@FM20.DLL,$(WinSysPath),$(DLLSelfRegister),$(Shared),1/13/99 10:54:26 AM,1109264,2.1.6112.1
File3=@CMDLGCHS.DLL,$(WinSysPath),,$(Shared),7/7/98 12:00:00 AM,28160,6.0.81.63
File4=@Comdlg32.OCX,$(WinSysPath),$(DLLSelfRegister),$(Shared),3/13/01 1:49:28 PM,140288,6.0.84.18
File5=@MSHFGCHS.DLL,$(WinSysPath),,$(Shared),6/9/98 12:00:00 AM,43520,6.0.30.5
File6=@Msstdfmt.dll,$(WinSysPath),$(DLLSelfRegister),$(Shared),8/18/01 4:18:18 AM,118784,6.0.88.4
File7=@MSHFLXGD.OCX,$(WinSysPath),$(DLLSelfRegister),$(Shared),6/24/98 12:00:00 AM,407104,6.0.30.5
File8=@CMCT3CHS.DLL,$(WinSysPath),$(DLLSelfRegister),$(Shared),7/7/98 12:00:00 AM,24576,6.0.0.8163
File9=@comct332.ocx,$(WinSysPath),$(DLLSelfRegister),$(Shared),12/6/00 1:01:52 PM,415176,6.7.0.8988
File10=@MovingChar.ocx,$(WinSysPath),$(DLLSelfRegister),$(Shared),11/5/99 11:14:12 AM,53248,1.0.0.0
File11=@MSCMCCHS.DLL,$(WinSysPath),,$(Shared),7/7/98 12:00:00 AM,124416,6.0.81.63
File12=@mscomctl.ocx,$(WinSysPath),$(DLLSelfRegister),$(Shared),7/18/01 9:21:12 AM,1057552,6.1.83.41
File13=@EXCEL9.OLB,$(WinSysPath),,$(Shared),3/20/99 5:00:32 AM,638976,9.0.0.2719
File14=@NetPlan DataBase.exe,$(AppPath),,,9/30/05 3:39:26 PM,512000,2.0.0.0

; 要在满的安装盘上定制该文件，需要额外的空间，下列行可能被删除。
; 
; XXXXXXXXXXXXXXXXXXXXXXXXXXXXXXXXXXXXXXXXXXXXXXXXXXXXXXXXXXXX
; XXXXXXXXXXXXXXXXXXXXXXXXXXXXXXXXXXXXXXXXXXXXXXXXXXXXXXXXXXXX
; XXXXXXXXXXXXXXXXXXXXXXXXXXXXXXXXXXXXXXXXXXXXXXXXXXXXXXXXXXXX
; XXXXXXXXXXXXXXXXXXXXXXXXXXXXXXXXXXXXXXXXXXXXXXXXXXXXXXXXXXXX
; XXXXXXXXXXXXXXXXXXXXXXXXXXXXXXXXXXXXXXXXXXXXXXXXXXXXXXXXXXXX
; XXXXXXXXXXXXXXXXXXXXXXXXXXXXXXXXXXXXXXXXXXXXXXXXXXXXXXXXXXXX
; XXXXXXXXXXXXXXXXXXXXXXXXXXXXXXXXXXXXXXXXXXXXXXXXXXXXXXXXXXXX
; XXXXXXXXXXXXXXXXXXXXXXXXXXXXXXXXXXXXXXXXXXXXXXXXXXXXXXXXXXXX
; XXXXXXXXXXXXXXXXXXXXXXXXXXXXXXXXXXXXXXXXXXXXXXXXXXXXXXXXXXXX
; XXXXXXXXXXXXXXXXXXXXXXXXXXXXXXXXXXXXXXXXXXXXXXXXXXXXXXXXXXXX
; XXXXXXXXXXXXXXXXXXXXXXXXXXXXXXXXXXXXXXXXXXXXXXXXXXXXXXXXXXXX
; XXXXXXXXXXXXXXXXXXXXXXXXXXXXXXXXXXXXXXXXXXXXXXXXXXXXXXXXXXXX
; XXXXXXXXXXXXXXXXXXXXXXXXXXXXXXXXXXXXXXXXXXXXXXXXXXXXXXXXXXXX
; XXXXXXXXXXXXXXXXXXXXXXXXXXXXXXXXXXXXXXXXXXXXXXXXXXXXXXXXXXXX
; XXXXXXXXXXXXXXXXXXXXXXXXXXXXXXXXXXXXXXXXXXXXXXXXXXXXXXXXXXXX
; XXXXXXXXXXXXXXXXXXXXXXXXXXXXXXXXXXXXXXXXXXXXXXXXXXXXXXXXXXXX
; XXXXXXXXXXXXXXXXXXXXXXXXXXXXXXXXXXXXXXXXXXXXXXXXXXXXXXXXXXXX
; XXXXXXXXXXXXXXXXXXXXXXXXXXXXXXXXXXXXXXXXXXXXXXXXXXXXXXXXXXXX
; XXXXXXXXXXXXXXXXXXXXXXXXXXXXXXXXXXXXXXXXXXXXXXXXXXXXXXXXXXXX
; XXXXXXXXXXXXXXXXXXXXXXXXXXXXXXXXXXXXXXXXXXXXXXXXXXXXXXXXXXXX
; XXXXXXXXXXXXXXXXXXXXXXXXXXXXXXXXXXXXXXXXXXXXXXXXXXXXXXXXXXXX
; XXXXXXXXXXXXXXXXXXXXXXXXXXXXXXXXXXXXXXXXXXXXXXXXXXXXXXXXXXXX
; XXXXXXXXXXXXXXXXXXXXXXXXXXXXXXXXXXXXXXXXXXXXXXXXXXXXXXXXXXXX
; XXXXXXXXXXXXXXXXXXXXXXXXXXXXXXXXXXXXXXXXXXXXXXXXXXXXXXXXXXXX
; XXXXXXXXXXXXXXXXXXXXXXXXXXXXXXXXXXXXXXXXXXXXXXXXXXXXXXXXXXXX
; XXXXXXXXXXXXXXXXXXXXXXXXXXXXXXXXXXXXXXXXXXXXXXXXXXXXXXXXXXXX
; XXXXXXXXXXXXXXXXXXXXXXXXXXXXXXXXXXXXXXXXXXXXXXXXXXXXXXXXXXXX
; XXXXXXXXXXXXXXXXXXXXXXXXXXXXXXXXXXXXXXXXXXXXXXXXXXXXXXXXXXXX
; XXXXXXXXXXXXXXXXXXXXXXXXXXXXXXXXXXXXXXXXXXXXXXXXXXXXXXXXXXXX
; XXXXXXXXXXXXXXXXXXXXXXXXXXXXXXXXXXXXXXXXXXXXXXXXXXXXXXXXXXXX
; XXXXXXXXXXXXXXXXXXXXXXXXXXXXXXXXXXXXXXXXXXXXXXXXXXXXXXXXXXXX
; XXXXXXXXXXXXXXXXXXXXXXXXXXXXXXXXXXXXXXXXXXXXXXXXXXXXXXXXXXXX
; XXXXXXXXXXXXXXXXXXXXXXXXXXXXXXXXXXXXXXXXXXXXXXXXXXXXXXXXXXXX
; XXXXXXXXXXXXXXXXXXXXXXXXXXXXXXXXXXXXXXXXXXXXXXXXXXXXXXXXXXXX
; XXXXXXXXXXXXXXXXXXXXXXXXXXXXXXXXXXXXXXXXXXXXXXXXXXXXXXXXXXXX
